    <link rel="preconnect" href="https://fonts.bunny.net">
    <link href="https://fonts.bunny.net/css?family=patrick-hand:400|patrick-hand-sc:400|roboto:400&display=swap" rel="stylesheet" />