<link rel="preconnect" href="https://fonts.googleapis.com">
<link rel="preconnect" href="https://fonts.gstatic.com" crossorigin>
<link href="https://fonts.googleapis.com/css2?family=Patrick+Hand&family=Patrick+Hand+SC&family=Roboto:wght@100&display=swap" rel="stylesheet">